// Jest Snapshot v1, https://goo.gl/fbAQLP

exports[`readFile [unit] [object Blob] should equal  1`] = `
Array [
  Object {
    "data": Array [
      137,
      80,
      78,
      71,
      13,
      10,
      26,
      10,
      0,
      0,
      0,
      13,
      73,
      72,
      68,
      82,
      0,
      0,
      0,
      1,
      0,
      0,
      0,
      1,
      8,
      2,
      0,
      0,
      0,
      144,
      119,
      83,
      222,
      0,
      0,
      0,
      9,
      112,
      72,
      89,
      115,
      0,
      0,
      46,
      35,
      0,
      0,
      46,
      35,
      1,
      120,
      165,
      63,
      118,
      0,
      0,
      0,
      7,
      116,
      73,
      77,
      69,
      7,
      227,
      4,
      14,
      19,
      5,
      37,
      97,
      72,
      47,
      84,
      0,
      0,
      0,
      25,
      116,
      69,
      88,
      116,
      67,
      111,
      109,
      109,
      101,
      110,
      116,
      0,
      67,
      114,
      101,
      97,
      116,
      101,
      100,
      32,
      119,
      105,
      116,
      104,
      32,
      71,
      73,
      77,
      80,
      87,
      129,
      14,
      23,
      0,
      0,
      0,
      12,
      73,
      68,
      65,
      84,
      8,
      215,
      99,
      248,
      223,
      192,
      0,
      0,
      4,
      1,
      1,
      128,
      20,
      9,
      7,
      2,
      0,
      0,
      0,
      0,
      73,
      69,
      78,
      68,
      174,
      66,
      96,
      130,
    ],
    "type": "Buffer",
  },
]
`;
