// Jest Snapshot v1, https://goo.gl/fbAQLP

exports[`App renders without crashing 1`] = `
<div>
  <div
    class="MuiPaper-root MuiPaper-elevation1 MuiPaper-rounded"
  >
    <div
      class="MuiPaper-root MuiPaper-elevation1 MuiPaper-rounded"
    >
      <input
        accept="image/png"
        type="file"
      />
    </div>
    <span
      class="MuiSlider-root MuiSlider-colorPrimary"
    >
      <span
        class="MuiSlider-rail"
      />
      <span
        class="MuiSlider-track"
        style="left: 0%; width: 48.38709677419355%;"
      />
      <input
        type="hidden"
        value="32"
      />
      <span
        class="MuiSlider-mark MuiSlider-markActive"
        data-index="0"
        style="left: 0%;"
      />
      <span
        class="MuiSlider-mark MuiSlider-markActive"
        data-index="1"
        style="left: 1.6129032258064515%;"
      />
      <span
        class="MuiSlider-mark MuiSlider-markActive"
        data-index="2"
        style="left: 3.225806451612903%;"
      />
      <span
        class="MuiSlider-mark MuiSlider-markActive"
        data-index="3"
        style="left: 4.838709677419355%;"
      />
      <span
        class="MuiSlider-mark MuiSlider-markActive"
        data-index="4"
        style="left: 6.451612903225806%;"
      />
      <span
        class="MuiSlider-mark MuiSlider-markActive"
        data-index="5"
        style="left: 8.064516129032258%;"
      />
      <span
        class="MuiSlider-mark MuiSlider-markActive"
        data-index="6"
        style="left: 9.67741935483871%;"
      />
      <span
        class="MuiSlider-mark MuiSlider-markActive"
        data-index="7"
        style="left: 11.290322580645162%;"
      />
      <span
        class="MuiSlider-mark MuiSlider-markActive"
        data-index="8"
        style="left: 12.903225806451612%;"
      />
      <span
        class="MuiSlider-mark MuiSlider-markActive"
        data-index="9"
        style="left: 14.516129032258064%;"
      />
      <span
        class="MuiSlider-mark MuiSlider-markActive"
        data-index="10"
        style="left: 16.129032258064516%;"
      />
      <span
        class="MuiSlider-mark MuiSlider-markActive"
        data-index="11"
        style="left: 17.741935483870968%;"
      />
      <span
        class="MuiSlider-mark MuiSlider-markActive"
        data-index="12"
        style="left: 19.35483870967742%;"
      />
      <span
        class="MuiSlider-mark MuiSlider-markActive"
        data-index="13"
        style="left: 20.967741935483872%;"
      />
      <span
        class="MuiSlider-mark MuiSlider-markActive"
        data-index="14"
        style="left: 22.580645161290324%;"
      />
      <span
        class="MuiSlider-mark MuiSlider-markActive"
        data-index="15"
        style="left: 24.193548387096776%;"
      />
      <span
        class="MuiSlider-mark MuiSlider-markActive"
        data-index="16"
        style="left: 25.806451612903224%;"
      />
      <span
        class="MuiSlider-mark MuiSlider-markActive"
        data-index="17"
        style="left: 27.419354838709676%;"
      />
      <span
        class="MuiSlider-mark MuiSlider-markActive"
        data-index="18"
        style="left: 29.032258064516128%;"
      />
      <span
        class="MuiSlider-mark MuiSlider-markActive"
        data-index="19"
        style="left: 30.64516129032258%;"
      />
      <span
        class="MuiSlider-mark MuiSlider-markActive"
        data-index="20"
        style="left: 32.25806451612903%;"
      />
      <span
        class="MuiSlider-mark MuiSlider-markActive"
        data-index="21"
        style="left: 33.87096774193548%;"
      />
      <span
        class="MuiSlider-mark MuiSlider-markActive"
        data-index="22"
        style="left: 35.483870967741936%;"
      />
      <span
        class="MuiSlider-mark MuiSlider-markActive"
        data-index="23"
        style="left: 37.096774193548384%;"
      />
      <span
        class="MuiSlider-mark MuiSlider-markActive"
        data-index="24"
        style="left: 38.70967741935484%;"
      />
      <span
        class="MuiSlider-mark MuiSlider-markActive"
        data-index="25"
        style="left: 40.32258064516129%;"
      />
      <span
        class="MuiSlider-mark MuiSlider-markActive"
        data-index="26"
        style="left: 41.935483870967744%;"
      />
      <span
        class="MuiSlider-mark MuiSlider-markActive"
        data-index="27"
        style="left: 43.54838709677419%;"
      />
      <span
        class="MuiSlider-mark MuiSlider-markActive"
        data-index="28"
        style="left: 45.16129032258065%;"
      />
      <span
        class="MuiSlider-mark MuiSlider-markActive"
        data-index="29"
        style="left: 46.774193548387096%;"
      />
      <span
        class="MuiSlider-mark MuiSlider-markActive"
        data-index="30"
        style="left: 48.38709677419355%;"
      />
      <span
        class="MuiSlider-mark"
        data-index="31"
        style="left: 50%;"
      />
      <span
        class="MuiSlider-mark"
        data-index="32"
        style="left: 51.61290322580645%;"
      />
      <span
        class="MuiSlider-mark"
        data-index="33"
        style="left: 53.225806451612904%;"
      />
      <span
        class="MuiSlider-mark"
        data-index="34"
        style="left: 54.83870967741935%;"
      />
      <span
        class="MuiSlider-mark"
        data-index="35"
        style="left: 56.45161290322581%;"
      />
      <span
        class="MuiSlider-mark"
        data-index="36"
        style="left: 58.064516129032256%;"
      />
      <span
        class="MuiSlider-mark"
        data-index="37"
        style="left: 59.67741935483871%;"
      />
      <span
        class="MuiSlider-mark"
        data-index="38"
        style="left: 61.29032258064516%;"
      />
      <span
        class="MuiSlider-mark"
        data-index="39"
        style="left: 62.903225806451616%;"
      />
      <span
        class="MuiSlider-mark"
        data-index="40"
        style="left: 64.51612903225806%;"
      />
      <span
        class="MuiSlider-mark"
        data-index="41"
        style="left: 66.12903225806451%;"
      />
      <span
        class="MuiSlider-mark"
        data-index="42"
        style="left: 67.74193548387096%;"
      />
      <span
        class="MuiSlider-mark"
        data-index="43"
        style="left: 69.35483870967742%;"
      />
      <span
        class="MuiSlider-mark"
        data-index="44"
        style="left: 70.96774193548387%;"
      />
      <span
        class="MuiSlider-mark"
        data-index="45"
        style="left: 72.58064516129032%;"
      />
      <span
        class="MuiSlider-mark"
        data-index="46"
        style="left: 74.19354838709677%;"
      />
      <span
        class="MuiSlider-mark"
        data-index="47"
        style="left: 75.80645161290323%;"
      />
      <span
        class="MuiSlider-mark"
        data-index="48"
        style="left: 77.41935483870968%;"
      />
      <span
        class="MuiSlider-mark"
        data-index="49"
        style="left: 79.03225806451613%;"
      />
      <span
        class="MuiSlider-mark"
        data-index="50"
        style="left: 80.64516129032258%;"
      />
      <span
        class="MuiSlider-mark"
        data-index="51"
        style="left: 82.25806451612904%;"
      />
      <span
        class="MuiSlider-mark"
        data-index="52"
        style="left: 83.87096774193549%;"
      />
      <span
        class="MuiSlider-mark"
        data-index="53"
        style="left: 85.48387096774194%;"
      />
      <span
        class="MuiSlider-mark"
        data-index="54"
        style="left: 87.09677419354838%;"
      />
      <span
        class="MuiSlider-mark"
        data-index="55"
        style="left: 88.70967741935483%;"
      />
      <span
        class="MuiSlider-mark"
        data-index="56"
        style="left: 90.3225806451613%;"
      />
      <span
        class="MuiSlider-mark"
        data-index="57"
        style="left: 91.93548387096774%;"
      />
      <span
        class="MuiSlider-mark"
        data-index="58"
        style="left: 93.54838709677419%;"
      />
      <span
        class="MuiSlider-mark"
        data-index="59"
        style="left: 95.16129032258064%;"
      />
      <span
        class="MuiSlider-mark"
        data-index="60"
        style="left: 96.7741935483871%;"
      />
      <span
        class="MuiSlider-mark"
        data-index="61"
        style="left: 98.38709677419355%;"
      />
      <span
        class="MuiSlider-mark"
        data-index="62"
        style="left: 100%;"
      />
      <span
        aria-labelledby="discrete-slider-always"
        aria-orientation="horizontal"
        aria-valuemax="64"
        aria-valuemin="2"
        aria-valuenow="32"
        aria-valuetext="32"
        class="MuiSlider-thumb MuiSlider-thumbColorPrimary PrivateValueLabel-open-2 PrivateValueLabel-thumb-1"
        data-index="0"
        role="slider"
        style="left: 48.38709677419355%;"
        tabindex="0"
      >
        <span
          class="PrivateValueLabel-offset-3 MuiSlider-valueLabel"
        >
          <span
            class="PrivateValueLabel-circle-4"
          >
            <span
              class="PrivateValueLabel-label-5"
            >
              32
            </span>
          </span>
        </span>
      </span>
    </span>
    <div
      class="MuiGrid-root MuiGrid-container"
    >
      <div
        class="MuiGrid-root MuiGrid-item MuiGrid-grid-xs-12 MuiGrid-grid-sm-6"
      >
        <div
          class="MuiPaper-root MuiPaper-elevation1 MuiPaper-rounded"
        >
          <img
            alt="source"
            src="placeholder.png"
            style="max-width: 100%;"
          />
          <div
            class="MuiPaper-root MuiPaper-elevation1 MuiPaper-rounded"
          />
        </div>
      </div>
    </div>
  </div>
</div>
`;
